// Jest Snapshot v1, https://goo.gl/fbAQLP

exports[`<PaginatorToolkitFilter /> render should render <SearchIcon> and an <Input> components 1`] = `
<div
  className="MuiFormControl-root-1"
  style={
    Object {
      "width": 100,
    }
  }
>
  <label
    className="MuiFormLabel-root-16 MuiFormLabel-filled-20 MuiInputLabel-root-5 MuiInputLabel-formControl-10 MuiInputLabel-animated-13 MuiInputLabel-shrink-12"
    data-shrink={true}
    htmlFor="select-multiple-checkbox"
    style={
      Object {
        "left": 4,
        "top": -10,
      }
    }
  >
    Filter
  </label>
  <div
    className="MuiInputBase-root-43 MuiInput-root-30 MuiInput-underline-34 MuiInputBase-formControl-44 MuiInput-formControl-31"
    onClick={[Function]}
    style={
      Object {
        "margin": 5,
      }
    }
  >
    <div
      className="MuiSelect-root-23"
    >
      <div
        aria-haspopup="true"
        aria-pressed="false"
        className="MuiSelect-select-24 MuiSelect-selectMenu-27 MuiInputBase-input-53 MuiInput-input-38"
        onBlur={[Function]}
        onClick={[Function]}
        onFocus={[Function]}
        onKeyDown={[Function]}
        role="button"
        tabIndex={0}
      >
        status
      </div>
      <input
        id="select-multiple-checkbox"
        placeholder="Filters"
        type="hidden"
        value="status"
      />
      <svg
        aria-hidden="true"
        className="MuiSvgIcon-root-60 MuiSelect-icon-29"
        focusable="false"
        role="presentation"
        viewBox="0 0 24 24"
      >
        <path
          d="M7 10l5 5 5-5z"
        />
      </svg>
    </div>
  </div>
</div>
`;
